// Jest Snapshot v1, https://goo.gl/fbAQLP

exports[`Card correctly renders after relaunch 1`] = `
<article
  className="cities__place-card place-card"
  id={0}
  onMouseOut={[Function]}
  onMouseOver={[Function]}
>
  <div
    className="place-card__mark"
  >
    <span>
      Premium
    </span>
  </div>
  <div
    className="cities__image-wrapper place-card__image-wrapper"
  >
    <a
      href="#"
    >
      <img
        alt="Place image"
        className="place-card__image"
        height={200}
        src=""
        width={260}
      />
    </a>
  </div>
  <div
    className="place-card__info"
  >
    <div
      className="place-card__price-wrapper"
    >
      <div
        className="place-card__price"
      >
        <b
          className="place-card__price-value"
        >
          €
          0
        </b>
        <span
          className="place-card__price-text"
        >
          / night
        </span>
      </div>
      <button
        className="place-card__bookmark-button place-card__bookmark-button--active button"
        onClick={[Function]}
        type="button"
      >
        <svg
          className="place-card__bookmark-icon"
          height="19"
          width="18"
        >
          <use
            xlinkHref="#icon-bookmark"
          />
        </svg>
        <span
          className="visually-hidden"
        >
          To bookmarks
        </span>
      </button>
    </div>
    <div
      className="place-card__rating rating"
    >
      <div
        className="place-card__stars rating__stars"
      >
        <span
          style={
            Object {
              "width": "0%",
            }
          }
        />
        <span
          className="visually-hidden"
        >
          Rating
          0
        </span>
      </div>
    </div>
    <h2
      className="place-card__name"
    >
      <a
        className="place-card_title"
        href="/offer/0"
        onClick={[Function]}
      >
        
      </a>
    </h2>
    <p
      className="place-card__type"
    >
      
    </p>
  </div>
</article>
`;
