// Jest Snapshot v1, https://goo.gl/fbAQLP

exports[`Page of place correctly renders after relaunch 1`] = `
<div
  className="page"
>
  <main
    className="page__main page__main--property"
  >
    <section
      className="property"
      id={0}
    >
      <div
        className="property__gallery-container container"
      >
        <div
          className="property__gallery"
        >
          <div
            className="property__image-wrapper"
          >
            <img
              alt="Photo studio"
              className="property__image"
              src=""
            />
          </div>
        </div>
      </div>
      <div
        className="property__container container"
      >
        <div
          className="property__wrapper"
        >
          <div
            className="property__mark"
          >
            <span>
              Premium
            </span>
          </div>
          <div
            className="property__name-wrapper"
          >
            <h1
              className="property__name"
            >
              
            </h1>
            <button
              className="property__bookmark-button property__bookmark-button--active button"
              onClick={[Function]}
              type="button"
            >
              <svg
                className="place-card__bookmark-icon"
                height="33"
                width="31"
              >
                <use
                  xlinkHref="#icon-bookmark"
                />
              </svg>
              <span
                className="visually-hidden"
              >
                To bookmarks
              </span>
            </button>
          </div>
          <div
            className="property__rating rating"
          >
            <div
              className="property__stars rating__stars"
            >
              <span
                style={
                  Object {
                    "width": "0%",
                  }
                }
              />
              <span
                className="visually-hidden"
              >
                Rating
              </span>
            </div>
            <span
              className="property__rating-value rating__value"
            >
              0
            </span>
          </div>
          <ul
            className="property__features"
          >
            <li
              className="property__feature property__feature--entire"
            >
              
            </li>
            <li
              className="property__feature property__feature--bedrooms"
            >
              0 Bedrooms
            </li>
            <li
              className="property__feature property__feature--adults"
            >
              Max 0 adults
            </li>
          </ul>
          <div
            className="property__price"
          >
            <b
              className="property__price-value"
            >
              €
              0
            </b>
            <span
              className="property__price-text"
            >
               night
            </span>
          </div>
          <div
            className="property__inside"
          >
            <h2
              className="property__inside-title"
            >
              What's inside
            </h2>
            <ul
              className="property__inside-list"
            >
              <li
                className="property__inside-item"
              >
                
              </li>
            </ul>
          </div>
          <div
            className="property__host"
          >
            <h2
              className="property__host-title"
            >
              Meet the host
            </h2>
            <div
              className="property__host-user user"
            >
              <div
                className="property__avatar-wrapper property__avatar-wrapper--pro user__avatar-wrapper"
              >
                <img
                  alt="Host avatar"
                  className="property__avatar user__avatar"
                  height="74"
                  src="/undefined"
                  width="74"
                />
              </div>
              <span
                className="property__user-name"
              />
            </div>
            <div
              className="property__description"
            >
              <p
                className="property__text"
              >
                
              </p>
            </div>
          </div>
        </div>
      </div>
      <section
        className="property__map map"
      />
    </section>
    <div
      className="container"
    >
      <section
        className="near-places places"
      >
        <h2
          className="near-places__title"
        >
          Other places in the neighbourhood
        </h2>
        <div
          className="near-places__list places__list"
        />
      </section>
    </div>
  </main>
</div>
`;
