// Jest Snapshot v1, https://goo.gl/fbAQLP

exports[`City correctly renders after relaunch 1`] = `
<a
  className="locations__item-link null"
  href="#"
  onClick={[Function]}
>
  <span>
    
  </span>
</a>
`;
