// Jest Snapshot v1, https://goo.gl/fbAQLP

exports[`List of cities correctly renders after relaunch 1`] = `
<section
  className="locations container"
>
  <ul
    className="locations__list tabs__list"
  />
</section>
`;
