// Jest Snapshot v1, https://goo.gl/fbAQLP

exports[`Main page correctly renders after relaunch 1`] = `
Array [
  <div
    style={
      Object {
        "display": "none",
      }
    }
  >
    <svg
      xmlns="http://www.w3.org/2000/svg"
    >
      <symbol
        id="icon-arrow-select"
        viewBox="0 0 7 4"
      >
        <path
          clipRule="evenodd"
          d="M0 0l3.5 2.813L7 0v1.084L3.5 4 0 1.084V0z"
          fillRule="evenodd"
        />
      </symbol>
      <symbol
        id="icon-bookmark"
        viewBox="0 0 17 18"
      >
        <path
          d="M3.993 2.185l.017-.092V2c0-.554.449-1 .99-1h10c.522 0 .957.41.997.923l-2.736 14.59-4.814-2.407-.39-.195-.408.153L1.31 16.44 3.993 2.185z"
        />
      </symbol>
      <symbol
        id="icon-star"
        viewBox="0 0 13 12"
      >
        <path
          clipRule="evenodd"
          d="M6.5 9.644L10.517 12 9.451 7.56 13 4.573l-4.674-.386L6.5 0 4.673 4.187 0 4.573 3.549 7.56 2.483 12 6.5 9.644z"
          fillRule="evenodd"
        />
      </symbol>
    </svg>
  </div>,
  <div
    className="page page--gray page--main"
  >
    <main
      className="page__main page__main--index page__main--index-empty"
    >
      <h1
        className="visually-hidden"
      >
        Cities
      </h1>
      <div
        className="tabs"
      />
      <div
        className="cities"
      >
        <div
          className="cities__places-container container cities__places-container--empty"
        >
          <section
            className="cities__no-places"
          >
            <div
              className="cities__status-wrapper tabs__content"
            >
              <b
                className="cities__status"
              >
                No places to stay available
              </b>
              <p
                className="cities__status-description"
              >
                We could not find any property availbale at the moment in city
              </p>
            </div>
          </section>
          <div
            className="cities__right-section"
          />
        </div>
      </div>
    </main>
  </div>,
]
`;
