// Jest Snapshot v1, https://goo.gl/fbAQLP

exports[`List correctly renders after relaunch 1`] = `
<div
  className="near-places__list places__list"
/>
`;
